2024-07-12T04:00:24.641Z - https://www.worldlionchampionship.com/jantung-sehat-hidup-lebih-lama-manfaat-lari-bagi-kesehatan-jantung/amp/ - Request had invalid authentication credentials. Expected OAuth 2 access token, login cookie or other valid authentication credential. See https://developers.google.com/identity/sign-in/web/devconsole-project.
